nohup: ignoring input

> study-notes-helper@1.0.0 dev
> vite


  VITE v4.5.14  ready in 170 ms

  ➜  Local:   http://localhost:3000/
  ➜  Network: use --host to expose
node:events:496
      throw er; // Unhandled 'error' event
      ^

Error: spawn xdg-open ENOENT
    at ChildProcess._handle.onexit (node:internal/child_process:285:19)
    at onErrorNT (node:internal/child_process:483:16)
    at process.processTicksAndRejections (node:internal/process/task_queues:90:21)
Emitted 'error' event on ChildProcess instance at:
    at ChildProcess._handle.onexit (node:internal/child_process:291:12)
    at onErrorNT (node:internal/child_process:483:16)
    at process.processTicksAndRejections (node:internal/process/task_queues:90:21) {
  errno: -2,
  code: 'ENOENT',
  syscall: 'spawn xdg-open',
  path: 'xdg-open',
  spawnargs: [ 'http://localhost:3000/' ]
}

Node.js v22.16.0
